# Crate: modules

Modules fixture for testing doccer

This crate contains nested modules with different visibility
patterns to validate hierarchical structure parsing.

  pub mod utils
    /// Public utilities module

    pub fn helper() -> String
      /// A public utility function

    pub(crate) fn internal_helper() -> i32
      /// A crate-local utility

    pub mod nested
      /// Nested utilities module

      pub fn deep_function() -> bool
        /// A deeply nested function

      pub(crate) fn crate_function()
        /// Crate-visible nested function

      pub(super) fn parent_function()
        /// Super-visible function

  pub mod network
    /// Network-related functionality

    pub struct Connection { ... }
      /// A connection struct

      pub fn new(host: String, port: u16) -> Self
        /// Creates a new connection

      pub fn host(&self) -> &str
        /// Gets the host

      pub(crate) fn port(&self) -> u16
        /// Gets the port (crate-visible)

    pub mod protocol
      /// Protocol submodule

      pub mod http
        /// HTTP-specific functionality

        pub enum Method { ... }
          /// HTTP methods

          Get
          Post
          Put
          Delete

        pub struct Request { ... }
          /// HTTP request structure

      pub mod tcp
        /// TCP-specific functionality

        pub struct Options { ... }
          /// TCP socket options

          pub keep_alive: bool
            /// Keep-alive setting

          pub(super) timeout: u32
            /// Timeout in seconds

  pub(crate) mod database
    /// Database module (crate-visible)

    pub struct DbConnection { ... }
      /// Database connection

    pub mod ops
      /// Database operations

      pub fn query(sql: &str) -> Vec<String>
        /// Query function


